// Jest Snapshot v1, https://goo.gl/fbAQLP

exports[`Task renders correctly 1`] = `
<div
  className="field"
  tabIndex="0"
>
  <div
    className="field has-addons"
  >
    <div
      className="control is-expanded"
    >
      <a
        className="button input"
        href="lists/undefined/tasks/1"
        onClick={[Function]}
      >
        test task
      </a>
    </div>
    <div
      className="control"
    >
      <a
        className="button is-success"
        onClick={[Function]}
      >
        <i
          className="far fa-check-square"
        />
      </a>
    </div>
  </div>
</div>
`;
